// Jest Snapshot v1, https://goo.gl/fbAQLP

exports[`TheDate Component Testing should render the UI as expected from the snapshot 1`] = `
<div>
  7/10/2019, 10:47:40 PM
</div>
`;
